[2021-01-18T01:04:38.984-0500][gc,heap] Heap region size: 1M
[2021-01-18T01:04:38.991-0500][gc     ] Using G1
[2021-01-18T01:04:38.991-0500][gc,heap,coops] Heap address: 0x00000000c0000000, size: 1024 MB, Compressed Oops mode: 32-bit
[2021-01-18T01:04:38.992-0500][gc,cds       ] Mark closed archive regions in map: [0x00000000fff00000, 0x00000000fff6aff8]
[2021-01-18T01:04:38.992-0500][gc,cds       ] Mark open archive regions in map: [0x00000000ffe00000, 0x00000000ffe46ff8]
[2021-01-18T01:04:40.974-0500][gc,start     ] GC(0) Pause Young (Normal) (G1 Evacuation Pause)
[2021-01-18T01:04:40.975-0500][gc,task      ] GC(0) Using 8 workers of 8 for evacuation
[2021-01-18T01:04:40.987-0500][gc,phases    ] GC(0)   Pre Evacuate Collection Set: 0.1ms
[2021-01-18T01:04:40.988-0500][gc,phases    ] GC(0)   Evacuate Collection Set: 10.4ms
[2021-01-18T01:04:40.988-0500][gc,phases    ] GC(0)   Post Evacuate Collection Set: 1.1ms
[2021-01-18T01:04:40.989-0500][gc,phases    ] GC(0)   Other: 2.1ms
[2021-01-18T01:04:40.989-0500][gc,heap      ] GC(0) Eden regions: 51->0(44)
[2021-01-18T01:04:40.989-0500][gc,heap      ] GC(0) Survivor regions: 0->7(7)
[2021-01-18T01:04:40.990-0500][gc,heap      ] GC(0) Old regions: 2->2
[2021-01-18T01:04:40.990-0500][gc,heap      ] GC(0) Humongous regions: 0->0
[2021-01-18T01:04:40.990-0500][gc,metaspace ] GC(0) Metaspace: 15528K->15528K(1062912K)
[2021-01-18T01:04:40.991-0500][gc           ] GC(0) Pause Young (Normal) (G1 Evacuation Pause) 51M->7M(1024M) 17.197ms
[2021-01-18T01:04:40.991-0500][gc,cpu       ] GC(0) User=0.09s Sys=0.00s Real=0.02s
[2021-01-18T01:04:41.494-0500][gc,start     ] GC(1) Pause Young (Concurrent Start) (Metadata GC Threshold)
[2021-01-18T01:04:41.494-0500][gc,task      ] GC(1) Using 8 workers of 8 for evacuation
[2021-01-18T01:04:41.503-0500][gc,phases    ] GC(1)   Pre Evacuate Collection Set: 0.0ms
[2021-01-18T01:04:41.504-0500][gc,phases    ] GC(1)   Evacuate Collection Set: 7.9ms
[2021-01-18T01:04:41.504-0500][gc,phases    ] GC(1)   Post Evacuate Collection Set: 0.9ms
[2021-01-18T01:04:41.505-0500][gc,phases    ] GC(1)   Other: 0.8ms
[2021-01-18T01:04:41.505-0500][gc,heap      ] GC(1) Eden regions: 21->0(49)
[2021-01-18T01:04:41.505-0500][gc,heap      ] GC(1) Survivor regions: 7->2(7)
[2021-01-18T01:04:41.506-0500][gc,heap      ] GC(1) Old regions: 2->9
[2021-01-18T01:04:41.506-0500][gc,heap      ] GC(1) Humongous regions: 0->0
[2021-01-18T01:04:41.506-0500][gc,metaspace ] GC(1) Metaspace: 20530K->20530K(1067008K)
[2021-01-18T01:04:41.506-0500][gc           ] GC(1) Pause Young (Concurrent Start) (Metadata GC Threshold) 27M->8M(1024M) 12.636ms
[2021-01-18T01:04:41.507-0500][gc,cpu       ] GC(1) User=0.04s Sys=0.01s Real=0.02s
[2021-01-18T01:04:41.507-0500][gc           ] GC(2) Concurrent Cycle
[2021-01-18T01:04:41.508-0500][gc,marking   ] GC(2) Concurrent Clear Claimed Marks
[2021-01-18T01:04:41.508-0500][gc,marking   ] GC(2) Concurrent Clear Claimed Marks 0.330ms
[2021-01-18T01:04:41.508-0500][gc,marking   ] GC(2) Concurrent Scan Root Regions
[2021-01-18T01:04:41.509-0500][gc,marking   ] GC(2) Concurrent Scan Root Regions 1.264ms
[2021-01-18T01:04:41.510-0500][gc,marking   ] GC(2) Concurrent Mark (2.532s)
[2021-01-18T01:04:41.510-0500][gc,marking   ] GC(2) Concurrent Mark From Roots
[2021-01-18T01:04:41.510-0500][gc,task      ] GC(2) Using 2 workers of 2 for marking
[2021-01-18T01:04:41.517-0500][gc,marking   ] GC(2) Concurrent Mark From Roots 7.290ms
[2021-01-18T01:04:41.518-0500][gc,marking   ] GC(2) Concurrent Preclean
[2021-01-18T01:04:41.518-0500][gc,marking   ] GC(2) Concurrent Preclean 0.522ms
[2021-01-18T01:04:41.519-0500][gc,marking   ] GC(2) Concurrent Mark (2.532s, 2.541s) 8.984ms
[2021-01-18T01:04:41.519-0500][gc,start     ] GC(2) Pause Remark
[2021-01-18T01:04:41.521-0500][gc,stringtable] GC(2) Cleaned string and symbol table, strings: 5075 processed, 0 removed, symbols: 50286 processed, 42 removed
[2021-01-18T01:04:41.522-0500][gc            ] GC(2) Pause Remark 8M->8M(1024M) 2.760ms
[2021-01-18T01:04:41.522-0500][gc,cpu        ] GC(2) User=0.01s Sys=0.00s Real=0.00s
[2021-01-18T01:04:41.523-0500][gc,marking    ] GC(2) Concurrent Rebuild Remembered Sets
[2021-01-18T01:04:41.526-0500][gc,marking    ] GC(2) Concurrent Rebuild Remembered Sets 3.326ms
[2021-01-18T01:04:41.527-0500][gc,start      ] GC(2) Pause Cleanup
[2021-01-18T01:04:41.528-0500][gc            ] GC(2) Pause Cleanup 8M->8M(1024M) 0.588ms
[2021-01-18T01:04:41.528-0500][gc,cpu        ] GC(2) User=0.00s Sys=0.00s Real=0.00s
[2021-01-18T01:04:41.528-0500][gc,marking    ] GC(2) Concurrent Cleanup for Next Mark
[2021-01-18T01:04:41.532-0500][gc,marking    ] GC(2) Concurrent Cleanup for Next Mark 3.615ms
[2021-01-18T01:04:41.532-0500][gc            ] GC(2) Concurrent Cycle 25.119ms
[2021-01-18T01:04:42.548-0500][gc,start      ] GC(3) Pause Young (Normal) (G1 Evacuation Pause)
[2021-01-18T01:04:42.548-0500][gc,task       ] GC(3) Using 8 workers of 8 for evacuation
[2021-01-18T01:04:42.552-0500][gc,phases     ] GC(3)   Pre Evacuate Collection Set: 0.0ms
[2021-01-18T01:04:42.553-0500][gc,phases     ] GC(3)   Evacuate Collection Set: 3.0ms
[2021-01-18T01:04:42.553-0500][gc,phases     ] GC(3)   Post Evacuate Collection Set: 0.7ms
[2021-01-18T01:04:42.553-0500][gc,phases     ] GC(3)   Other: 0.6ms
[2021-01-18T01:04:42.554-0500][gc,heap       ] GC(3) Eden regions: 49->0(46)
[2021-01-18T01:04:42.554-0500][gc,heap       ] GC(3) Survivor regions: 2->5(7)
[2021-01-18T01:04:42.554-0500][gc,heap       ] GC(3) Old regions: 9->9
[2021-01-18T01:04:42.555-0500][gc,heap       ] GC(3) Humongous regions: 129->129
[2021-01-18T01:04:42.555-0500][gc,metaspace  ] GC(3) Metaspace: 29599K->29599K(1077248K)
[2021-01-18T01:04:42.555-0500][gc            ] GC(3) Pause Young (Normal) (G1 Evacuation Pause) 185M->140M(1024M) 7.542ms
[2021-01-18T01:04:42.556-0500][gc,cpu        ] GC(3) User=0.03s Sys=0.01s Real=0.01s
[2021-01-18T01:05:09.241-0500][gc,start      ] GC(4) Pause Young (Concurrent Start) (Metadata GC Threshold)
[2021-01-18T01:05:09.241-0500][gc,task       ] GC(4) Using 8 workers of 8 for evacuation
[2021-01-18T01:05:09.255-0500][gc,phases     ] GC(4)   Pre Evacuate Collection Set: 0.1ms
[2021-01-18T01:05:09.255-0500][gc,phases     ] GC(4)   Evacuate Collection Set: 12.1ms
[2021-01-18T01:05:09.256-0500][gc,phases     ] GC(4)   Post Evacuate Collection Set: 0.9ms
[2021-01-18T01:05:09.256-0500][gc,phases     ] GC(4)   Other: 1.0ms
[2021-01-18T01:05:09.256-0500][gc,heap       ] GC(4) Eden regions: 22->0(49)
[2021-01-18T01:05:09.257-0500][gc,heap       ] GC(4) Survivor regions: 5->2(7)
[2021-01-18T01:05:09.257-0500][gc,heap       ] GC(4) Old regions: 9->13
[2021-01-18T01:05:09.257-0500][gc,heap       ] GC(4) Humongous regions: 129->129
[2021-01-18T01:05:09.257-0500][gc,metaspace  ] GC(4) Metaspace: 34564K->34564K(1081344K)
[2021-01-18T01:05:09.258-0500][gc            ] GC(4) Pause Young (Concurrent Start) (Metadata GC Threshold) 162M->141M(1024M) 16.628ms
[2021-01-18T01:05:09.258-0500][gc,cpu        ] GC(4) User=0.02s Sys=0.05s Real=0.02s
[2021-01-18T01:05:09.259-0500][gc            ] GC(5) Concurrent Cycle
[2021-01-18T01:05:09.259-0500][gc,marking    ] GC(5) Concurrent Clear Claimed Marks
[2021-01-18T01:05:09.259-0500][gc,marking    ] GC(5) Concurrent Clear Claimed Marks 0.336ms
[2021-01-18T01:05:09.259-0500][gc,marking    ] GC(5) Concurrent Scan Root Regions
[2021-01-18T01:05:09.261-0500][gc,marking    ] GC(5) Concurrent Scan Root Regions 1.140ms
[2021-01-18T01:05:09.261-0500][gc,marking    ] GC(5) Concurrent Mark (30.284s)
[2021-01-18T01:05:09.261-0500][gc,marking    ] GC(5) Concurrent Mark From Roots
[2021-01-18T01:05:09.262-0500][gc,task       ] GC(5) Using 2 workers of 2 for marking
[2021-01-18T01:05:09.270-0500][gc,marking    ] GC(5) Concurrent Mark From Roots 8.210ms
[2021-01-18T01:05:09.270-0500][gc,marking    ] GC(5) Concurrent Preclean
[2021-01-18T01:05:09.271-0500][gc,marking    ] GC(5) Concurrent Preclean 0.512ms
[2021-01-18T01:05:09.271-0500][gc,marking    ] GC(5) Concurrent Mark (30.284s, 30.294s) 9.893ms
[2021-01-18T01:05:09.272-0500][gc,start      ] GC(5) Pause Remark
[2021-01-18T01:05:09.281-0500][gc,stringtable] GC(5) Cleaned string and symbol table, strings: 9501 processed, 11 removed, symbols: 79285 processed, 9 removed
[2021-01-18T01:05:09.282-0500][gc            ] GC(5) Pause Remark 142M->142M(1024M) 9.953ms
[2021-01-18T01:05:09.282-0500][gc,cpu        ] GC(5) User=0.06s Sys=0.01s Real=0.01s
[2021-01-18T01:05:09.283-0500][gc,marking    ] GC(5) Concurrent Rebuild Remembered Sets
[2021-01-18T01:05:09.288-0500][gc,marking    ] GC(5) Concurrent Rebuild Remembered Sets 5.763ms
[2021-01-18T01:05:09.290-0500][gc,start      ] GC(5) Pause Cleanup
[2021-01-18T01:05:09.290-0500][gc            ] GC(5) Pause Cleanup 142M->142M(1024M) 0.845ms
[2021-01-18T01:05:09.291-0500][gc,cpu        ] GC(5) User=0.00s Sys=0.00s Real=0.00s
[2021-01-18T01:05:09.291-0500][gc,marking    ] GC(5) Concurrent Cleanup for Next Mark
[2021-01-18T01:05:09.294-0500][gc,marking    ] GC(5) Concurrent Cleanup for Next Mark 2.712ms
[2021-01-18T01:05:09.294-0500][gc            ] GC(5) Concurrent Cycle 35.938ms
[2021-01-18T08:46:29.438-0500][gc,start      ] GC(6) Pause Young (Normal) (G1 Evacuation Pause)
[2021-01-18T08:46:29.442-0500][gc,task       ] GC(6) Using 8 workers of 8 for evacuation
[2021-01-18T08:46:29.446-0500][gc,phases     ] GC(6)   Pre Evacuate Collection Set: 0.1ms
[2021-01-18T08:46:29.446-0500][gc,phases     ] GC(6)   Evacuate Collection Set: 1.7ms
[2021-01-18T08:46:29.447-0500][gc,phases     ] GC(6)   Post Evacuate Collection Set: 0.9ms
[2021-01-18T08:46:29.447-0500][gc,phases     ] GC(6)   Other: 5.0ms
[2021-01-18T08:46:29.447-0500][gc,heap       ] GC(6) Eden regions: 49->0(49)
[2021-01-18T08:46:29.448-0500][gc,heap       ] GC(6) Survivor regions: 2->2(7)
[2021-01-18T08:46:29.448-0500][gc,heap       ] GC(6) Old regions: 13->13
[2021-01-18T08:46:29.449-0500][gc,heap       ] GC(6) Humongous regions: 129->129
[2021-01-18T08:46:29.449-0500][gc,metaspace  ] GC(6) Metaspace: 35667K->35667K(1081344K)
[2021-01-18T08:46:29.449-0500][gc            ] GC(6) Pause Young (Normal) (G1 Evacuation Pause) 190M->141M(1024M) 11.371ms
[2021-01-18T08:46:29.450-0500][gc,cpu        ] GC(6) User=0.02s Sys=0.00s Real=0.01s
[2021-01-18T09:37:14.562-0500][gc,start      ] GC(7) Pause Young (Normal) (G1 Evacuation Pause)
[2021-01-18T09:37:14.563-0500][gc,task       ] GC(7) Using 8 workers of 8 for evacuation
[2021-01-18T09:37:14.566-0500][gc,phases     ] GC(7)   Pre Evacuate Collection Set: 0.0ms
[2021-01-18T09:37:14.567-0500][gc,phases     ] GC(7)   Evacuate Collection Set: 1.3ms
[2021-01-18T09:37:14.567-0500][gc,phases     ] GC(7)   Post Evacuate Collection Set: 1.1ms
[2021-01-18T09:37:14.568-0500][gc,phases     ] GC(7)   Other: 1.1ms
[2021-01-18T09:37:14.568-0500][gc,heap       ] GC(7) Eden regions: 49->0(49)
[2021-01-18T09:37:14.568-0500][gc,heap       ] GC(7) Survivor regions: 2->2(7)
[2021-01-18T09:37:14.569-0500][gc,heap       ] GC(7) Old regions: 13->13
[2021-01-18T09:37:14.569-0500][gc,heap       ] GC(7) Humongous regions: 129->129
[2021-01-18T09:37:14.570-0500][gc,metaspace  ] GC(7) Metaspace: 35789K->35789K(1081344K)
[2021-01-18T09:37:14.570-0500][gc            ] GC(7) Pause Young (Normal) (G1 Evacuation Pause) 190M->141M(1024M) 7.637ms
[2021-01-18T09:37:14.571-0500][gc,cpu        ] GC(7) User=0.01s Sys=0.00s Real=0.01s
[2021-01-18T10:28:20.195-0500][gc,start      ] GC(8) Pause Young (Normal) (G1 Evacuation Pause)
[2021-01-18T10:28:20.195-0500][gc,task       ] GC(8) Using 8 workers of 8 for evacuation
[2021-01-18T10:28:20.198-0500][gc,phases     ] GC(8)   Pre Evacuate Collection Set: 0.0ms
[2021-01-18T10:28:20.199-0500][gc,phases     ] GC(8)   Evacuate Collection Set: 1.0ms
[2021-01-18T10:28:20.199-0500][gc,phases     ] GC(8)   Post Evacuate Collection Set: 1.2ms
[2021-01-18T10:28:20.200-0500][gc,phases     ] GC(8)   Other: 1.2ms
[2021-01-18T10:28:20.200-0500][gc,heap       ] GC(8) Eden regions: 49->0(50)
[2021-01-18T10:28:20.200-0500][gc,heap       ] GC(8) Survivor regions: 2->2(7)
[2021-01-18T10:28:20.201-0500][gc,heap       ] GC(8) Old regions: 13->13
[2021-01-18T10:28:20.201-0500][gc,heap       ] GC(8) Humongous regions: 129->129
[2021-01-18T10:28:20.201-0500][gc,metaspace  ] GC(8) Metaspace: 35881K->35881K(1081344K)
[2021-01-18T10:28:20.202-0500][gc            ] GC(8) Pause Young (Normal) (G1 Evacuation Pause) 190M->141M(1024M) 6.992ms
[2021-01-18T10:28:20.202-0500][gc,cpu        ] GC(8) User=0.01s Sys=0.00s Real=0.01s
[2021-01-18T11:21:12.147-0500][gc,start      ] GC(9) Pause Young (Normal) (G1 Evacuation Pause)
[2021-01-18T11:21:12.147-0500][gc,task       ] GC(9) Using 8 workers of 8 for evacuation
[2021-01-18T11:21:12.169-0500][gc,mmu        ] GC(9) MMU target violated: 21.0ms (20.0ms/21.0ms)
[2021-01-18T11:21:12.170-0500][gc,phases     ] GC(9)   Pre Evacuate Collection Set: 0.0ms
[2021-01-18T11:21:12.170-0500][gc,phases     ] GC(9)   Evacuate Collection Set: 11.1ms
[2021-01-18T11:21:12.170-0500][gc,phases     ] GC(9)   Post Evacuate Collection Set: 10.4ms
[2021-01-18T11:21:12.170-0500][gc,phases     ] GC(9)   Other: 1.2ms
[2021-01-18T11:21:12.170-0500][gc,heap       ] GC(9) Eden regions: 50->0(51)
[2021-01-18T11:21:12.170-0500][gc,heap       ] GC(9) Survivor regions: 2->2(7)
[2021-01-18T11:21:12.171-0500][gc,heap       ] GC(9) Old regions: 13->13
[2021-01-18T11:21:12.171-0500][gc,heap       ] GC(9) Humongous regions: 129->129
[2021-01-18T11:21:12.171-0500][gc,metaspace  ] GC(9) Metaspace: 35912K->35912K(1081344K)
[2021-01-18T11:21:12.171-0500][gc            ] GC(9) Pause Young (Normal) (G1 Evacuation Pause) 191M->141M(1024M) 24.213ms
[2021-01-18T11:21:12.171-0500][gc,cpu        ] GC(9) User=0.16s Sys=0.00s Real=0.03s
[2021-01-18T12:16:59.812-0500][gc,start      ] GC(10) Pause Young (Normal) (G1 Evacuation Pause)
[2021-01-18T12:16:59.812-0500][gc,task       ] GC(10) Using 8 workers of 8 for evacuation
[2021-01-18T12:16:59.815-0500][gc,phases     ] GC(10)   Pre Evacuate Collection Set: 0.0ms
[2021-01-18T12:16:59.816-0500][gc,phases     ] GC(10)   Evacuate Collection Set: 1.4ms
[2021-01-18T12:16:59.816-0500][gc,phases     ] GC(10)   Post Evacuate Collection Set: 0.8ms
[2021-01-18T12:16:59.816-0500][gc,phases     ] GC(10)   Other: 1.1ms
[2021-01-18T12:16:59.817-0500][gc,heap       ] GC(10) Eden regions: 51->0(65)
[2021-01-18T12:16:59.817-0500][gc,heap       ] GC(10) Survivor regions: 2->2(7)
[2021-01-18T12:16:59.817-0500][gc,heap       ] GC(10) Old regions: 13->13
[2021-01-18T12:16:59.818-0500][gc,heap       ] GC(10) Humongous regions: 129->129
[2021-01-18T12:16:59.818-0500][gc,metaspace  ] GC(10) Metaspace: 35938K->35938K(1081344K)
[2021-01-18T12:16:59.818-0500][gc            ] GC(10) Pause Young (Normal) (G1 Evacuation Pause) 192M->141M(1024M) 6.592ms
[2021-01-18T12:16:59.819-0500][gc,cpu        ] GC(10) User=0.00s Sys=0.00s Real=0.01s
[2021-01-18T13:29:07.420-0500][gc,start      ] GC(11) Pause Young (Normal) (G1 Evacuation Pause)
[2021-01-18T13:29:07.421-0500][gc,task       ] GC(11) Using 8 workers of 8 for evacuation
[2021-01-18T13:29:07.424-0500][gc,phases     ] GC(11)   Pre Evacuate Collection Set: 0.0ms
[2021-01-18T13:29:07.425-0500][gc,phases     ] GC(11)   Evacuate Collection Set: 1.9ms
[2021-01-18T13:29:07.425-0500][gc,phases     ] GC(11)   Post Evacuate Collection Set: 1.0ms
[2021-01-18T13:29:07.426-0500][gc,phases     ] GC(11)   Other: 1.2ms
[2021-01-18T13:29:07.426-0500][gc,heap       ] GC(11) Eden regions: 65->0(78)
[2021-01-18T13:29:07.426-0500][gc,heap       ] GC(11) Survivor regions: 2->2(9)
[2021-01-18T13:29:07.427-0500][gc,heap       ] GC(11) Old regions: 13->13
[2021-01-18T13:29:07.427-0500][gc,heap       ] GC(11) Humongous regions: 129->129
[2021-01-18T13:29:07.428-0500][gc,metaspace  ] GC(11) Metaspace: 35939K->35939K(1081344K)
[2021-01-18T13:29:07.428-0500][gc            ] GC(11) Pause Young (Normal) (G1 Evacuation Pause) 206M->141M(1024M) 7.698ms
[2021-01-18T13:29:07.428-0500][gc,cpu        ] GC(11) User=0.01s Sys=0.01s Real=0.01s
[2021-01-18T15:00:21.982-0500][gc,start      ] GC(12) Pause Young (Normal) (G1 Evacuation Pause)
[2021-01-18T15:00:21.983-0500][gc,task       ] GC(12) Using 8 workers of 8 for evacuation
[2021-01-18T15:00:22.000-0500][gc,phases     ] GC(12)   Pre Evacuate Collection Set: 0.0ms
[2021-01-18T15:00:22.000-0500][gc,phases     ] GC(12)   Evacuate Collection Set: 13.0ms
[2021-01-18T15:00:22.000-0500][gc,phases     ] GC(12)   Post Evacuate Collection Set: 3.5ms
[2021-01-18T15:00:22.001-0500][gc,phases     ] GC(12)   Other: 1.2ms
[2021-01-18T15:00:22.001-0500][gc,heap       ] GC(12) Eden regions: 78->0(98)
[2021-01-18T15:00:22.002-0500][gc,heap       ] GC(12) Survivor regions: 2->2(10)
[2021-01-18T15:00:22.002-0500][gc,heap       ] GC(12) Old regions: 13->13
[2021-01-18T15:00:22.003-0500][gc,heap       ] GC(12) Humongous regions: 129->129
[2021-01-18T15:00:22.003-0500][gc,metaspace  ] GC(12) Metaspace: 35958K->35958K(1081344K)
[2021-01-18T15:00:22.003-0500][gc            ] GC(12) Pause Young (Normal) (G1 Evacuation Pause) 219M->141M(1024M) 21.158ms
[2021-01-18T15:00:22.004-0500][gc,cpu        ] GC(12) User=0.13s Sys=0.00s Real=0.02s
[2021-01-18T16:50:12.908-0500][gc,start      ] GC(13) Pause Young (Normal) (G1 Evacuation Pause)
[2021-01-18T16:50:12.909-0500][gc,task       ] GC(13) Using 8 workers of 8 for evacuation
[2021-01-18T16:50:12.922-0500][gc,phases     ] GC(13)   Pre Evacuate Collection Set: 0.0ms
[2021-01-18T16:50:12.922-0500][gc,phases     ] GC(13)   Evacuate Collection Set: 2.9ms
[2021-01-18T16:50:12.923-0500][gc,phases     ] GC(13)   Post Evacuate Collection Set: 9.5ms
[2021-01-18T16:50:12.923-0500][gc,phases     ] GC(13)   Other: 1.1ms
[2021-01-18T16:50:12.924-0500][gc,heap       ] GC(13) Eden regions: 98->0(116)
[2021-01-18T16:50:12.924-0500][gc,heap       ] GC(13) Survivor regions: 2->2(13)
[2021-01-18T16:50:12.924-0500][gc,heap       ] GC(13) Old regions: 13->13
[2021-01-18T16:50:12.925-0500][gc,heap       ] GC(13) Humongous regions: 129->129
[2021-01-18T16:50:12.925-0500][gc,metaspace  ] GC(13) Metaspace: 35978K->35978K(1081344K)
[2021-01-18T16:50:12.926-0500][gc            ] GC(13) Pause Young (Normal) (G1 Evacuation Pause) 239M->141M(1024M) 17.180ms
[2021-01-18T16:50:12.926-0500][gc,cpu        ] GC(13) User=0.00s Sys=0.08s Real=0.02s
